[debug] [2026-05-17T11:22:21.719Z] ----------------------------------------------------------------------
[debug] [2026-05-17T11:22:21.721Z] Command:       C:\Program Files\nodejs\node.exe C:\Users\chinh\AppData\Roaming\npm\node_modules\firebase-tools\lib\bin\firebase.js init hosting
[debug] [2026-05-17T11:22:21.721Z] CLI Version:   15.8.0
[debug] [2026-05-17T11:22:21.722Z] Platform:      win32
[debug] [2026-05-17T11:22:21.722Z] Node Version:  v24.14.0
[debug] [2026-05-17T11:22:21.722Z] Time:          Sun May 17 2026 19:22:21 GMT+0800 (台北標準時間)
[debug] [2026-05-17T11:22:21.722Z] ----------------------------------------------------------------------
[debug] 
[info] 
     ######## #### ########  ######## ########     ###     ######  ########
     ##        ##  ##     ## ##       ##     ##  ##   ##  ##       ##
     ######    ##  ########  ######   ########  #########  ######  ######
     ##        ##  ##    ##  ##       ##     ## ##     ##       ## ##
     ##       #### ##     ## ######## ########  ##     ##  ######  ########

You're about to initialize a Firebase project in this directory:

  C:\Users\chinh\Desktop\Assignment02_113062273

[info] 
=== Project Setup
[info] 
[info] First, let's associate this project directory with a Firebase project.
[info] You can create multiple project aliases by running firebase use --add, 
[info] 
[debug] [2026-05-17T11:22:28.444Z] > command requires scopes: ["email","openid","https://www.googleapis.com/auth/cloudplatformprojects.readonly","https://www.googleapis.com/auth/firebase","https://www.googleapis.com/auth/cloud-platform"]
[debug] [2026-05-17T11:22:28.444Z] > authorizing via signed-in user (c940818s@gmail.com)
[debug] [2026-05-17T11:22:28.445Z] Checked if tokens are valid: true, expires at: 1779020535152
[debug] [2026-05-17T11:22:28.445Z] Checked if tokens are valid: true, expires at: 1779020535152
[debug] [2026-05-17T11:22:28.445Z] >>> [apiv2][query] GET https://firebase.googleapis.com/v1beta1/projects pageSize=100
[debug] [2026-05-17T11:22:29.013Z] <<< [apiv2][status] GET https://firebase.googleapis.com/v1beta1/projects 200
[debug] [2026-05-17T11:22:29.013Z] <<< [apiv2][body] GET https://firebase.googleapis.com/v1beta1/projects [omitted]
[info] 
=== Hosting Setup
[debug] [2026-05-17T11:22:32.811Z] Checked if tokens are valid: true, expires at: 1779020535152
[debug] [2026-05-17T11:22:32.811Z] Checked if tokens are valid: true, expires at: 1779020535152
[debug] [2026-05-17T11:22:32.811Z] >>> [apiv2][query] GET https://firebase.googleapis.com/v1beta1/projects/mario-472fd [none]
[debug] [2026-05-17T11:22:33.099Z] <<< [apiv2][status] GET https://firebase.googleapis.com/v1beta1/projects/mario-472fd 200
[debug] [2026-05-17T11:22:33.099Z] <<< [apiv2][body] GET https://firebase.googleapis.com/v1beta1/projects/mario-472fd {"projectId":"mario-472fd","projectNumber":"762727777332","displayName":"Mario","name":"projects/mario-472fd","resources":{"hostingSite":"mario-472fd","realtimeDatabaseInstance":"mario-472fd-default-rtdb"},"state":"ACTIVE","etag":"1_c2210bef-7a68-4807-a099-d719c3f6e187"}
[info] 
[info] Your public directory is the folder (relative to your project directory) that
[info] will contain Hosting assets to be uploaded with firebase deploy. If you
[info] have a build process for your assets, use your build's output directory.
[info] 
